// Jest Snapshot v1, https://goo.gl/fbAQLP

exports[`components/pages/ScheduleDetail/Switch.tsx Switch 正常に表示されている 1`] = `
<Memo()
  navigation={
    Object {
      "navigate": [MockFunction],
      "setParams": [MockFunction],
    }
  }
  onEdit={[Function]}
  refreshData={[MockFunction]}
  route={
    Object {
      "params": Object {
        "itemDetailId": "1",
      },
    }
  }
/>
`;
