// Jest Snapshot v1, https://goo.gl/fbAQLP

exports[`components/pages/Calendars/Page.tsx 正常に表示されている 1`] = `
<CalendarWrap
  backgroundColor="#FFE7D0"
>
  <ForwardRef(AnimatedComponentWrapper)
    style={
      Array [
        Object {
          "paddingTop": 0,
        },
        Object {
          "flex": 0,
        },
        Object {
          "backgroundColor": "rgba(255, 231, 208, 1)",
        },
      ]
    }
  />
  <GestureRecognizer
    config={
      Object {
        "directionalOffsetThreshold": 80,
        "velocityThreshold": 0.3,
      }
    }
    onSwipeLeft={[Function]}
    onSwipeRight={[Function]}
  >
    <ForwardRef(AnimatedComponentWrapper)
      style={
        Array [
          Object {
            "height": "100%",
            "width": "100%",
          },
          Object {
            "backgroundColor": "rgba(255, 231, 208, 1)",
          },
        ]
      }
    >
      <Header
        date="2020年11月"
        onNextMonth={[Function]}
        onPrevMonth={[Function]}
      />
      <DayOfWeek />
      <Calendar
        current="2020-11-01"
        dayComponent={[Function]}
        enableSwipeMonths={false}
        hideArrows={true}
        hideDayNames={true}
        monthFormat=""
        style={
          Object {
            "backgroundColor": "#FFE7D0",
          }
        }
        theme={
          Object {
            "monthTextColor": "#000",
            "stylesheet.calendar.header": Object {
              "dayHeader": Object {
                "color": "#000",
                "fontWeight": "600",
                "paddingBottom": 8,
              },
              "header": Object {
                "height": 0,
              },
            },
            "stylesheet.calendar.main": Object {
              "week": Object {
                "flexDirection": "row",
                "justifyContent": "space-between",
                "marginTop": 0,
              },
            },
            "textMonthFontSize": 18,
            "textMonthFontWeight": "600",
          }
        }
      />
      <View
        style={
          Object {
            "borderBottomWidth": 1,
            "borderColor": "gray",
            "marginHorizontal": 8,
          }
        }
      />
    </ForwardRef(AnimatedComponentWrapper)>
  </GestureRecognizer>
</CalendarWrap>
`;
