// Jest Snapshot v1, https://goo.gl/fbAQLP

exports[`components/pages/EditScheduleDetail/Connected.tsx 正常に表示されている 1`] = `
<Memo(CreateScheduleDetail)
  iconSelected={false}
  kind="park"
  memo="memo"
  moveMinutes={30}
  onDismiss={[Function]}
  onIcons={[Function]}
  onSave={[Function]}
  place="place"
  title="test"
  url="url"
/>
`;
