// Jest Snapshot v1, https://goo.gl/fbAQLP

exports[`components/pages/Schedule/Switch.tsx Switch 正常に表示されている 1`] = `
<Fragment>
  <FocusAwareStatusBar
    backgroundColor="#006835"
    barStyle="dark-content"
  />
  <Memo(Connected)
    itemDetails={Array []}
    navigation={
      Object {
        "getParam": [MockFunction],
        "goBack": [MockFunction],
        "navigate": [MockFunction],
        "setParams": [MockFunction] {
          "calls": Array [
            Array [
              Object {
                "mode": "show",
                "onSave": [Function],
                "onShow": [Function],
              },
            ],
          ],
          "results": Array [
            Object {
              "type": "return",
              "value": undefined,
            },
          ],
        },
      }
    }
    onAdd={[Function]}
    onDelete={[Function]}
    onSort={[Function]}
    route={
      Object {
        "params": Object {
          "itemId": 1,
          "title": "test",
        },
      }
    }
  />
</Fragment>
`;
