// Jest Snapshot v1, https://goo.gl/fbAQLP

exports[`components/pages/Setting/Page.tsx 正常に表示されている 1`] = `
<View>
  <Spinner
    animation="none"
    cancelable={false}
    color="white"
    overlayColor="rgba(0, 0, 0, 0.25)"
    size="large"
    textContent="ログアウト中"
    textStyle={
      Object {
        "color": "#ffffff",
      }
    }
    visible={false}
  />
  <ScrollView>
    <Themed.Divider />
    <Themed.ListItem
      bottomDivider={true}
      onPress={[MockFunction]}
    >
      <Themed.ListItemContent>
        <Themed.ListItemTitle>
          お問い合わせ
        </Themed.ListItemTitle>
      </Themed.ListItemContent>
      <Themed.ListItemChevron />
    </Themed.ListItem>
    <View />
    <Themed.Divider />
    <Themed.ListItem
      bottomDivider={true}
      onPress={[MockFunction]}
    >
      <Themed.ListItemContent>
        <Themed.ListItemTitle>
          利用規約
        </Themed.ListItemTitle>
      </Themed.ListItemContent>
      <Themed.ListItemChevron />
    </Themed.ListItem>
    <Themed.ListItem
      bottomDivider={true}
      onPress={[MockFunction]}
    >
      <Themed.ListItemContent>
        <Themed.ListItemTitle>
          プライバシーポリシー
        </Themed.ListItemTitle>
      </Themed.ListItemContent>
      <Themed.ListItemChevron />
    </Themed.ListItem>
    <View />
    <Themed.Divider />
    <Themed.ListItem
      bottomDivider={true}
      onPress={[MockFunction]}
    >
      <Themed.ListItemContent>
        <Themed.ListItemTitle>
          ユーザー登録 / ログイン
        </Themed.ListItemTitle>
      </Themed.ListItemContent>
      <Themed.ListItemChevron />
    </Themed.ListItem>
    <View />
    <Themed.Divider />
    <Themed.ListItem
      bottomDivider={true}
    >
      <Themed.ListItemContent>
        <Themed.ListItemTitle>
          バージョン情報
        </Themed.ListItemTitle>
      </Themed.ListItemContent>
      <Text>
        3.0.0
      </Text>
    </Themed.ListItem>
  </ScrollView>
</View>
`;
