// Jest Snapshot v1, https://goo.gl/fbAQLP

exports[`components/pages/AddItemDetail/Page.tsx 正常にrenderすること 1`] = `
<Memo(CreateCalendar)
  date="2020-01-01 00:00:00"
  itemDetail={null}
  loading={false}
  mutationData={
    Object {
      "loading": false,
    }
  }
  onDismiss={[MockFunction]}
  onIcons={[MockFunction]}
  onSave={[MockFunction]}
  selectedKind="park"
/>
`;
