// Jest Snapshot v1, https://goo.gl/fbAQLP

exports[`components/pages/MyPage/Connected.tsx 正常に表示されている 1`] = `
<Fragment>
  <FocusAwareStatusBar
    backgroundColor="#006835"
    barStyle="dark-content"
  />
  <MyPage
    LoadingText=""
    email="test"
    loading={false}
    onBackup={[Function]}
    onNotificationSetting={[Function]}
    onRestore={[Function]}
  />
</Fragment>
`;
