// Jest Snapshot v1, https://goo.gl/fbAQLP

exports[`components/pages/MyPage/Page.tsx 正常に表示されている 1`] = `
<View>
  <Spinner
    animation="none"
    cancelable={false}
    color="white"
    overlayColor="rgba(0, 0, 0, 0.25)"
    size="large"
    textContent=""
    textStyle={
      Object {
        "color": "#ffffff",
      }
    }
    visible={false}
  />
  <ScrollView>
    <View
      style={
        Object {
          "marginBottom": 32,
          "marginHorizontal": 8,
          "marginTop": 16,
        }
      }
    >
      <View>
        <Text>
          メールアドレス:
        </Text>
        <Text>
          test
        </Text>
      </View>
      <View
        style={
          Object {
            "alignItems": "flex-end",
          }
        }
      >
        <ForwardRef(Themed.Button)
          icon={
            <Icon
              allowFontScaling={false}
              color="#006835"
              name="chevron-right"
              size={20}
            />
          }
          iconRight={true}
          onPress={[Function]}
          title="ユーザー登録とは？"
          titleStyle={
            Object {
              "color": "#006835",
              "fontSize": 14,
            }
          }
          type="clear"
        />
      </View>
    </View>
    <Themed.ListItem
      bottomDivider={true}
      onPress={[MockFunction]}
    >
      <Themed.ListItemContent>
        <Themed.ListItemTitle>
          通知を設定する
        </Themed.ListItemTitle>
      </Themed.ListItemContent>
      <Themed.ListItemChevron />
    </Themed.ListItem>
    <View
      style={
        Object {
          "marginBottom": 4,
          "marginHorizontal": 8,
          "marginTop": 8,
        }
      }
    >
      <View
        style={
          Object {
            "alignItems": "flex-end",
          }
        }
      >
        <ForwardRef(Themed.Button)
          icon={
            <Icon
              allowFontScaling={false}
              color="#006835"
              name="chevron-right"
              size={20}
            />
          }
          iconRight={true}
          onPress={[Function]}
          title="通知設定とは？"
          titleStyle={
            Object {
              "color": "#006835",
              "fontSize": 14,
            }
          }
          type="clear"
        />
      </View>
    </View>
  </ScrollView>
</View>
`;
