// Jest Snapshot v1, https://goo.gl/fbAQLP

exports[`components/pages/ItemDetail/index.tsx 正常にrenderすること 1`] = `
<Memo(Connected)
  date="2020-01-01 00:00:00"
  itemDetailId="test"
  itemId="test"
  navigation={
    Object {
      "navigate": [MockFunction],
      "setParams": [MockFunction],
    }
  }
  onCallback={[MockFunction]}
  route={
    Object {
      "params": Object {
        "date": "2020-01-01 00:00:00",
        "itemDetailId": "test",
        "itemId": "test",
        "onCallback": [MockFunction],
      },
    }
  }
/>
`;
