// Jest Snapshot v1, https://goo.gl/fbAQLP

exports[`components/pages/CreatePlan/index.tsx 正常に表示されている 1`] = `
<Memo(Connected)
  calendars={Array []}
  date="1"
  items={Array []}
  kind="park"
  navigation={
    Object {
      "navigate": [MockFunction],
      "setParams": [MockFunction],
    }
  }
  refreshData={[MockFunction]}
  showActionSheetWithOptions={[Function]}
  uid="test"
/>
`;
