// Jest Snapshot v1, https://goo.gl/fbAQLP

exports[`containers/Items.tsx 正常に表示されている 1`] = `
<ContextProvider
  value={
    Object {
      "about": Array [],
      "calendars": Array [],
      "itemDetails": Array [],
      "items": Array [],
      "itemsLoading": true,
      "refreshData": [Function],
    }
  }
>
  <div>
    hi
  </div>
</ContextProvider>
`;
